// Jest Snapshot v1, https://goo.gl/fbAQLP

exports[`Storyshots GlobalPageTitle Global Page Title 1`] = `
<p
  className="MuiTypography-root makeStyles-civ-8 MuiTypography-body1"
/>
`;

exports[`Storyshots Home Categories Selector Mobile 1`] = `
<div
  className="MuiBox-root MuiBox-root-11"
  style={
    Object {
      "display": "flex",
    }
  }
>
  <div
    className="MuiBox-root MuiBox-root-12"
    style={
      Object {
        "alignItems": "center",
        "display": "flex",
        "justifyContent": "center",
        "paddingRight": 16,
      }
    }
  >
    <p
      className="MuiTypography-root MuiTypography-body1"
      style={
        Object {
          "fontFamily": "Montserrat, sans-serif",
          "fontWeight": 500,
        }
      }
    >
      Filtrando por:
    </p>
  </div>
  <div
    className="MuiFormControl-root"
  >
    <div
      className="MuiInputBase-root MuiInput-root MuiInputBase-formControl MuiInput-formControl"
      onClick={[Function]}
    >
      <div
        aria-haspopup="listbox"
        aria-labelledby="demo-simple-select-label demo-simple-select"
        className="MuiSelect-root MuiSelect-select MuiSelect-selectMenu makeStyles-menu-10 MuiInputBase-input MuiInput-input"
        id="demo-simple-select"
        onBlur={[Function]}
        onFocus={[Function]}
        onKeyDown={[Function]}
        onMouseDown={[Function]}
        role="button"
        tabIndex={0}
      >
        <span
          dangerouslySetInnerHTML={
            Object {
              "__html": "&#8203;",
            }
          }
        />
      </div>
      <input
        aria-hidden={true}
        className="MuiSelect-nativeInput"
        onAnimationStart={[Function]}
        onChange={[Function]}
        required={false}
        tabIndex={-1}
      />
      <svg
        fill="none"
        height="9"
        viewBox="0 0 13 9"
        width="13"
        xmlns="http://www.w3.org/2000/svg"
      >
        <rect
          fill="#666666"
          height="2"
          transform="rotate(-45 5.75745 6.82837)"
          width="8"
          x="5.75745"
          y="6.82837"
        />
        <rect
          fill="#666666"
          height="2"
          transform="rotate(45 2.17151 0.757324)"
          width="8"
          x="2.17151"
          y="0.757324"
        />
      </svg>
    </div>
  </div>
</div>
`;

exports[`Storyshots Light Language Switcher Portuguese 1`] = `
<div
  style={
    Object {
      "alignItems": "center",
      "backgroundColor": "black",
      "display": "flex",
      "height": 60,
      "justifyContent": "center",
      "width": 150,
    }
  }
>
  <div
    className="MuiBox-root MuiBox-root-7 makeStyles-box-1"
  >
    <button
      className=""
      onClick={[Function]}
    >
      PT
    </button>
    <button
      className="makeStyles-inactive-5 makeStyles-active-6"
      onClick={[Function]}
    >
      EN
    </button>
  </div>
</div>
`;
